finsit-schwyz-single-quellenbesteuert=[
Berechnung der finanziellen Verhältnisse (Beilage 1) 
 
Referenznummer 17.000001.002
Berechnungsjahr 2016
Einkünfte Tim Tester
Bruttolohn 123’456.00
Abzüge
20% Bruttopauschale vom Bruttoeinkommen 24’691.00
Massgebendes Einkommen in CHF 98’765.00
Jugendamt
Nussbaumstrasse 21
3006 Bern
Telefon 031 123 12 12
info@bern.ch
www.bern.ch
Bern, <TODAY>
Tim Tester
Nussbaumstrasse 21
3006 Bern
Massgebendes Einkommen
 
Referenznummer 17.000001.002
Name Tim Tester
Von Bis Massgebendes
Einkommen in CHF
Bruttoeinkommen Anspruchsberechtigtes
Einkommen
01.08.2017 31.08.2017 0.00 0.0 0.00

]


finsit-schwyz-single-veranlagt=[
Berechnung der finanziellen Verhältnisse (Beilage 1) 
 
Referenznummer 17.000001.002
Berechnungsjahr 2016
Einkünfte Tim Tester
Reineinkommen 88’000.00
Einkäufe berufliche Vorsorge (BVG / 2. Säule) 5’000.00
Abzüge
Ausserordentlicher Liegenschaftsaufwand 1’000.00
Vermögen
Reinvermögen 1 123’456.00
Massgebendes Einkommen in CHF 94’000.00
1 Entspricht 10% vom Reinvermögen nach Abzug vom Freibetrag von 200'000 CHF
Jugendamt
Nussbaumstrasse 21
3006 Bern
Telefon 031 123 12 12
info@bern.ch
www.bern.ch
Bern, <TODAY>
Tim Tester
Nussbaumstrasse 21
3006 Bern
Massgebendes Einkommen
 
Referenznummer 17.000001.002
Name Tim Tester
Von Bis Massgebendes
Einkommen in CHF
Bruttoeinkommen Anspruchsberechtigtes
Einkommen
01.08.2017 31.08.2017 0.00 0.0 0.00

]