verfuegung-bruennen-hoeherer-beitrag[SCHWYZ]=[
Verfügung 
 
Für die Betreuung von Simon Wälti, geboren am 13.04.2014, gewähren wir Ihnen gestützt auf §§ 11 ff.
KiBeG und §§ 13 ff. KiBeV sowie aufgrund der finanziellen Verhältnisse (sh. Beilagen) Beiträge an die
Kinderbetreuung in folgender Höhe:
 
Referenznummer 17.000001.002.-1.1
Name Kind Simon Wälti
Angebot Kita / schulische Tagesstruktur
Institution Kita Aaregg
Gemeinde London
I II III IV V VI VII
Von Bis Betreuungspensum in % Effektive
Betreuungsko
sten [Fr.]
Berechnete
Beiträge [Fr.]
Abzüglich
Minimaltarif
Höherer
Beitrag
gemäss § 17
KiBeV
An Institution
geschuldeter
Beitrag [Fr.]Effektiv Anspruch Vergünstigt
01.08.2017 31.07.2018 80% 0.00 % 0.00% 0.00 0.00 0.00 10.00 0.00
Freundliche Grüsse
Sachbearbeitung
Rechtsmittelbelehrung
Gegen diesen Entscheid betreffend die Anspruchsberechtigung bzw. die Kostengutsprache kann innert
20 Tagen bei der Gemeinde London Einsprache erhoben werden. Die Einsprache muss einen Antrag und
eine Begründung enthalten. Die angefochtene Verfügung ist beizulegen. Einspracheentscheide können
innert 20 Tagen seit deren Zustellung an den Regierungsrat weitergezogen werden.
Jugendamt
Nussbaumstrasse 21
3006 Bern
Telefon 031 123 12 12
info@bern.ch
www.bern.ch
Bern, <TODAY>
Dagmar Wälti
Testweg 10
3000 Bern

]


verfuegung-bruennen[APPENZELL_AUSSERRHODEN]=[
Verfügung 
 
Für die familienergänzende Betreuung von Simon Wälti, geboren am 13.04.2014, erhalten Sie gestützt auf
das Gesetz zur Förderung der familienergänzenden Kinderbetreuung (KibeG; bGS 415.31) und die
Kinderbetreuungsverordnung (KibeV; bGS 415.311) aufgrund Ihres Beschäftigungsgrades und Ihrer
finanziellen Verhältnisse (Beilage 1) Betreuungsbeiträge in nachfolgender Höhe:
 
Die Auszahlung der Betreuungsbeiträge erfolgt gemäss Ermächtigung direkt an die Betreuungsinstitution.
 
Bitte beachten Sie:
In der vorliegenden Verfügung werden das anspruchsberechtigte Betreuungspensum sowie der
Selbstbehalt festgelegt (Art. 12 KibeV). Sollte die Spalte "Beitragshöhe in Fr." bei Ihnen den Betrag
von Fr. 0.- aufweisen, bedeutet das nicht, dass Sie keine Beiträge erhalten. Diese Spalte wird in
diesem Fall erst nach Meldung der effektiven Betreuungsstunden und deren Kosten ergänzt. Sie
werden über die Höhe des zur Auszahlung gelangenden Beitrages informiert.
 
Die Erziehungsberechtigten haben der SOVAR alle Auskünfte zu erteilen, die für die Beurteilung des
Anspruchs notwendig sind. Wesentliche Änderungen der tatsächlichen oder rechtlichen Verhältnisse sind
der SOVAR unaufgefordert zu melden (Art. 9 KibeG). Insbesondere mitzuteilen sind gemäss Art. 13 Abs. 1
KibeV
-   Änderungen des Beschäftigungsgrads der Erziehungsberechtigten um 10 % oder mehr
-   Änderungen des massgebenden Einkommens um 20 % oder mehr
-   Wohnsitzwechsel
-   Änderungen der massgeblichen Familienverhältnisse.
 
Referenznummer 17.000001.002.-1.1
Name Kind Simon Wälti
Institution Kita Aaregg
Gemeinde London
Von Bis Pensum in Stunden Kosten in CHF Selbstbehalt in
%
Beitragshöhe in
%
Beitragshöhe in
CHFVereinbarte
BS
Anspruch
generell
Anspruch
konkret
01.08.2017 31.07.2018 80% 0.00 % 0.00% 0.00 0.00
Jugendamt
Nussbaumstrasse 21
3006 Bern
Telefon 031 123 12 12
info@bern.ch
www.bern.ch
Bern, <TODAY>
Dagmar Wälti
Testweg 10
3000 Bern
Freundliche Grüsse
Sachbearbeitung
Rechtsmittelbelehrung
Gegen diesen Entscheid kann innerhalb von 20 Tagen nach Zustellung beim Departement Gesundheit
und Soziales Appenzell Ausserrhoden, Kasernenstrasse 17, 9102 Herisau schriftlich Rekurs eingereicht
werden. Der Rekurs hat einen Antrag und eine Begründung zu enthalten, allfällige Beweismittel sind
genau zu bezeichnen. Der angefochtene Entscheid und soweit möglich auch die Beweismittel sind
beizulegen

]


verfuegung-bruennen[BERN]=[
Verfügung 
 
Für die Betreuung von Simon Wälti, geboren am 13.04.2014, gewähren wir Ihnen gestützt auf die
gesetzlichen Grundlagen1 sowie aufgrund Ihrer finanziellen Verhältnisse (Beilage 1) einen
Betreuungsgutschein mit nachfolgender Vergünstigung:
 
Referenznummer 17.000001.002.-1.1
Name Kind Simon Wälti
Angebot Tagesstätte für Kleinkinder
Institution Kita Aaregg
Gemeinde London
1 Verordnung vom 24. November 2021 über die Leistungsangebote der Familien-, Kinder- und Jugendförderung (FKJV; BSG 860.22)
I II III IV V VI VII VIII
Von Bis Betreuungspensum in % Kosten in
CHF
Berechneter
Gutschein in
CHF
Betreuungs-
gutschein in
CHF
Abzüglich
minimaler
Elternbeitrag
in CHF
An Institution
geschuldeter
Betrag in CHFEffektiv Anspruch Vergünstigt
01.08.2017 31.07.2018 80% 0.00 % 0.00% 0.00 0.00 0.00 0.00 0.00
Freundliche Grüsse
Sachbearbeitung
Rechtsmittelbelehrung
Gegen diese Verfügung kann innert 30 Tagen Beschwerde erhoben werden. Die Beschwerdefrist kann
nicht verlängert werden. Die Beschwerde ist an die Adresse Jugendamt, Nussbaumstrasse 21, 3006 Bern
zuzustellen. Sie muss (a) angeben, welche Entscheidung anstelle der angefochtenen Verfügung beantragt
wird; (b) aus welchen Gründen diese andere Entscheidung verlangt wird, (c) die Unterschrift der
beschwerdeführenden Partei oder der sie vertretenden Person enthalten. Der Beschwerdeschrift
beizulegen sind die Beweismittel, soweit sie greifbar sind, und die angefochtene Verfügung.
Jugendamt
Nussbaumstrasse 21
3006 Bern
Telefon 031 123 12 12
info@bern.ch
www.bern.ch
Bern, <TODAY>
Dagmar Wälti
Testweg 10
3000 Bern

]


verfuegung-bruennen[LUZERN]=[
Bestätigung 
 
Für die Betreuung von Simon Wälti, geboren am 13.04.2014, gewähren wir Ihnen gestützt auf die
gesetzlichen Grundlagen1 sowie aufgrund Ihrer finanziellen Verhältnisse (Beilage 1) einen
Betreuungsgutschein mit nachfolgender Vergünstigung:
 
Referenznummer 17.000001.002.-1.1
Name Kind Simon Wälti
Angebot Tagesstätte für Kleinkinder
Institution Kita Aaregg
Gemeinde London
1 Verordnung vom 24. November 2021 über die Leistungsangebote der Familien-, Kinder- und Jugendförderung (FKJV; BSG 860.22)
Von Bis Betreuungspensum in % Kosten in CHF An Institution
geschuldeter Betrag
in CHFEffektiv Anspruch Vergünstigt
01.08.2017 31.07.2018 80% 0.00 % 0.00% 0.00 0.00
Freundliche Grüsse
Fachbearbeitung Betreuungsgutscheine
Rechtsmittelbelehrung
Wenn Sie mit der Berechnung der Gutscheinhöhe oder den Ausführungen zum Anspruch auf
Betreuungsgutscheine nicht einverstanden sind nehmen Sie mit uns Kontakt auf.
Darüber hinaus können Sie einen schriftlichen Entscheid mit Begründung (Verfügung) verlangen.
Jugendamt
Nussbaumstrasse 21
3006 Bern
Telefon 031 123 12 12
info@bern.ch
www.bern.ch
Bern, <TODAY>
Dagmar Wälti
Testweg 10
3000 Bern

]


verfuegung-bruennen[SCHWYZ]=[
Verfügung 
 
Für die Betreuung von Simon Wälti, geboren am 13.04.2014, gewähren wir Ihnen gestützt auf §§ 11 ff.
KiBeG und §§ 13 ff. KiBeV sowie aufgrund der finanziellen Verhältnisse (sh. Beilagen) Beiträge an die
Kinderbetreuung in folgender Höhe:
 
Referenznummer 17.000001.002.-1.1
Name Kind Simon Wälti
Angebot Kita / schulische Tagesstruktur
Institution Kita Aaregg
Gemeinde London
I II III IV V VI VII
Von Bis Betreuungspensum in % Effektive
Betreuungskos
ten [Fr.]
Berechnete
Beiträge [Fr.]
Abzüglich
Minimaltarif
An Institution
geschuldeter
Beitrag [Fr.]Effektiv Anspruch Vergünstigt
01.08.2017 31.07.2018 80% 0.00 % 0.00% 0.00 0.00 0.00 0.00
Freundliche Grüsse
Sachbearbeitung
Rechtsmittelbelehrung
Gegen diesen Entscheid betreffend die Anspruchsberechtigung bzw. die Kostengutsprache kann innert
20 Tagen bei der Gemeinde London Einsprache erhoben werden. Die Einsprache muss einen Antrag und
eine Begründung enthalten. Die angefochtene Verfügung ist beizulegen. Einspracheentscheide können
innert 20 Tagen seit deren Zustellung an den Regierungsrat weitergezogen werden.
Jugendamt
Nussbaumstrasse 21
3006 Bern
Telefon 031 123 12 12
info@bern.ch
www.bern.ch
Bern, <TODAY>
Dagmar Wälti
Testweg 10
3000 Bern

]


verfuegung-bruennen[SOLOTHURN]=[
Verfügung 
 
Für die Betreuung von Simon Wälti, geboren am 13.04.2014, gewähren wir Ihnen gestützt auf die
gesetzlichen Grundlagen1 sowie aufgrund Ihrer finanziellen Verhältnisse (Beilage 1) einen
Betreuungsgutschein mit nachfolgender Vergünstigung:
 
Referenznummer 17.000001.002.-1.1
Name Kind Simon Wälti
Angebot Tagesstätte für Kleinkinder
Institution Kita Aaregg
Gemeinde London
1 Verordnung vom 24. November 2021 über die Leistungsangebote der Familien-, Kinder- und Jugendförderung (FKJV; BSG 860.22)
I II III IV V VI VII VIII
Von Bis Betreuungspensum in % Kosten in
CHF
Berechneter
Gutschein in
CHF
Betreuungs-
gutschein in
CHF
Abzüglich
minimaler
Elternbeitrag
in CHF
An Institution
geschuldeter
Betrag in CHFEffektiv Anspruch Vergünstigt
01.08.2017 31.07.2018 80% 0.00 % 0.00% 0.00 0.00 0.00 0.00 0.00
Freundliche Grüsse
Sachbearbeitung
Rechtsmittelbelehrung
Gegen diese Verfügung kann innert 10 Tagen ab Zustellung bei der Beschwerdekommission der Stadt
Solothurn Beschwerde erhoben werden. Beschwerdeentscheide können an das Departement des Innern
weitergezogen werden. Die Beschwerde muss einen Antrag und eine Begründung enthalten. Der
Beschwerdeschrift beizulegen sind wenn möglich die Beweismittel und die angefochtene Verfügung.
Jugendamt
Nussbaumstrasse 21
3006 Bern
Telefon 031 123 12 12
info@bern.ch
www.bern.ch
Bern, <TODAY>
Dagmar Wälti
Testweg 10
3000 Bern

]